[MOCK EQUIPMENT] Đang cấu hình thiết bị mô phỏng...
[MOCK EQUIPMENT] Khởi động và bắt đầu lắng nghe tại 127.0.0.1:5001...
2026-07-29 12:29:37,004 [INFO] secsgem.gem.equipmenthandler.GemEquipmentHandler: Connection enabled
[MOCK EQUIPMENT] Đang chạy. Nhấn Ctrl+C để thoát.
2026-07-29 12:29:38,530 [INFO] communication: < 'header': {session_id:0xffff, stream:00, function:00, p_type:0x00, s_type:0x01, system:0x76cc4d58, require_response:False}
  Select.req
2026-07-29 12:29:38,530 [INFO] communication: > 'header': {session_id:0xffff, stream:00, function:00, p_type:0x00, s_type:0x02, system:0x76cc4d58, require_response:False}
  Select.rsp
2026-07-29 12:29:38,532 [INFO] communication: > 'header': {session_id:0x0000, stream:01, function:13, p_type:0x00, s_type:0x00, system:0x4f29e647, require_response:True}
S1F13 W
  <L [2]
    <A "secsgem">
    <A "0.3.0">
  > .
2026-07-29 12:29:38,533 [INFO] communication: < 'header': {session_id:0x0000, stream:01, function:13, p_type:0x00, s_type:0x00, system:0x76cc4d59, require_response:True}
S1F13 W
  <L> .
2026-07-29 12:29:38,534 [INFO] communication: > 'header': {session_id:0x0000, stream:01, function:14, p_type:0x00, s_type:0x00, system:0x76cc4d59, require_response:False}
S1F14
  <L [2]
    <B 0x0>
    <L [2]
      <A "secsgem">
      <A "0.3.0">
    >
  > .
2026-07-29 12:29:38,535 [INFO] communication: < 'header': {session_id:0x0000, stream:01, function:14, p_type:0x00, s_type:0x00, system:0x4f29e647, require_response:False}
S1F14
  <L [2]
    <B 0x0>
    <L>
  > .
2026-07-29 12:29:38,535 [WARNING] secsgem.gem.equipmenthandler.GemEquipmentHandler: unexpected function received s01f14
{session_id:0x0000, stream:01, function:14, p_type:0x00, s_type:0x00, system:0x4f29e647, require_response:False}
2026-07-29 12:29:40,754 [INFO] communication: < 'header': {session_id:0xffff, stream:00, function:00, p_type:0x00, s_type:0x09, system:0x76cc4d5a, require_response:False}
  Separate.req
2026-07-29 12:29:40,760 [INFO] communication: > 'header': {session_id:0xffff, stream:00, function:00, p_type:0x00, s_type:0x09, system:0x4f29e648, require_response:False}
  Separate.req
